Place your golden PDF samples in this folder and edit goldens.json with expected counts
and a few must_include_items. Then click 'Run self-tests' in the app.
